// Jest Snapshot v1, https://goo.gl/fbAQLP

exports[`Testing Components/Badge Should render the Badge correctly 1`] = `
<img
  class="badge__img"
  src="test/path"
  style="transform-origin: center center;"
/>
`;
